// Jest Snapshot v1, https://goo.gl/fbAQLP

exports[`Maki classes Track unimplemented methods 1`] = `
"System.getparam
System.getskinname
System.getplayitemstring
System.geteq
System.geteqband
System.geteqpreamp
System.getstatus
System.messagebox
System.getplayitemlength
System.seekto
System.newdynamiccontainer
System.newgroup
System.newgroupaslayout
System.getnumcontainers
System.enumcontainer
System.getwac
System.getplayitemmetadatastring
System.getplayitemdisplaytitle
System.getextfamily
System.playfile
System.play
System.stop
System.pause
System.next
System.previous
System.eject
System.getposition
System.seteqband
System.seteqpreamp
System.seteq
System.removepath
System.getpath
System.getextension
System.setpublicstring
System.setpublicint
System.getpublicstring
System.getpublicint
System.getviewportwidthfrompoint
System.getviewportheightfrompoint
System.getviewportleft
System.getviewportleftfrompoint
System.getviewporttop
System.getviewporttopfrompoint
System.debugstring
System.ddesend
System.onlookforcomponent
System.getcurappleft
System.getcurapptop
System.getcurappwidth
System.getcurappheight
System.isappactive
System.switchskin
System.isloadingskin
System.lockui
System.unlockui
System.getmainbrowser
System.popmainbrowser
System.navigateurl
System.isobjectvalid
System.setmenutransparency
System.ongetcancelcomponent
System.iskeydown
System.setclipboardtext
System.selectfile
System.systemmenu
System.windowmenu
System.triggeraction
System.showwindow
System.hidewindow
System.hidenamedwindow
System.isnamedwindowvisible
System.setatom
System.getatom
System.invokedebugger
System.isvideo
System.isvideofullscreen
System.getidealvideowidth
System.getidealvideoheight
System.isminimized
System.minimizeapplication
System.restoreapplication
System.activateapplication
System.getplaylistlength
System.getplaylistindex
System.isdesktopalphaavailable
System.istransparencyavailable
System.getsonginfotext
System.getvisband
System.onviewportchanged
System.onurlchange
System.oneqfreqchanged
System.enumembedguid
System.getmetadatastring
System.getcurrenttrackrating
System.oncurrenttrackrated
System.setcurrenttrackrating
System.getdecodername
System.getalbumart
System.downloadmedia
System.downloadurl
System.ondownloadfinished
System.getdownloadpath
System.setdownloadpath
System.enqueuefile
System.urldecode
System.parseatf
System.log10
System.ln
System.getviewportwidthfromguiobject
System.getmonitorwidth
System.getmonitorwidthfrompoint
System.getmonitorwidthfromguiobject
System.onmousemove
System.getviewportheightfromguiobject
System.getmonitorheight
System.getmonitorheightfrompoint
System.getmonitorheightfromguiobject
System.getmonitorleft
System.getmonitorleftfromguiobject
System.getmonitorleftfrompoint
System.getmonitortop
System.getmonitortopfromguiobject
System.getmonitortopfrompoint
System.getviewportleftfromguiobject
System.getviewporttopfromguiobject
System.navigateurlbrowser
System.onopenurl
System.translate
System.getstring
System.getlanguageid
System.selectfolder
System.hasvideosupport
System.clearplaylist
System.getsonginfotexttranslated
System.iswa2componentvisible
System.hidewa2component
System.isproversion
System.getwinampversion
System.getbuildnumber
System.getfilesize
Wac.getguid
Wac.getname
Wac.sendcommand
Wac.show
Wac.hide
Wac.isvisible
Wac.onnotify
Wac.setstatusbar
Wac.getstatusbar
Map.loadmap
Map.getwidth
Map.getheight
Map.getvalue
Map.inregion
Map.getregion
Map.getargbvalue
Region.loadfrommap
Region.offset
Region.add
Region.sub
Region.stretch
Region.copy
Region.loadfrombitmap
Region.getboundingboxx
Region.getboundingboxy
Region.getboundingboxw
Region.getboundingboxh
Timer.getskipped
Group.getnumobjects
Group.enumobject
Group.islayout
GuiObject.getalpha
GuiObject.setenabled
GuiObject.getenabled
GuiObject.ismouseover
GuiObject.reversetarget
GuiObject.isgoingtotarget
GuiObject.bringtofront
GuiObject.bringtoback
GuiObject.bringabove
GuiObject.bringbelow
GuiObject.getguix
GuiObject.getguiy
GuiObject.getguiw
GuiObject.getguih
GuiObject.getguirelatx
GuiObject.getguirelaty
GuiObject.getguirelatw
GuiObject.getguirelath
GuiObject.isactive
GuiObject.gettopparent
GuiObject.runmodal
GuiObject.endmodal
GuiObject.findobjectxy
GuiObject.getname
GuiObject.clienttoscreenx
GuiObject.clienttoscreeny
GuiObject.clienttoscreenw
GuiObject.clienttoscreenh
GuiObject.screentoclientx
GuiObject.screentoclienty
GuiObject.screentoclientw
GuiObject.screentoclienth
GuiObject.getautowidth
GuiObject.getautoheight
GuiObject.setfocus
GuiObject.ismouseoverrect
GuiObject.getinterface
GuiObject.sendaction
GuiObject.onaction
GuiObject.onmousewheelup
GuiObject.onmousewheeldown
GuiObject.ondragenter
GuiObject.ondragover
GuiObject.ondragleave
Button.setactivated
Button.getactivated
Button.setactivatednocallback
AnimatedLayer.ispaused
AnimatedLayer.isstopped
AnimatedLayer.getdirection
AnimatedLayer.setrealtime
ToggleButton.getcurcfgval
PopupMenu.checkcommand
PopupMenu.addsubmenu
PopupMenu.popatxy
PopupMenu.getnumcommands
PopupMenu.disablecommand
Container.getnumlayouts
Container.enumlayout
Container.switchtolayout
Container.close
Container.toggle
Container.isdynamic
Container.setname
Container.getcurlayout
Container.getname
Container.getguid
Container.onaddcontent
Layout.getscale
Layout.setscale
Layout.setdesktopalpha
Layout.getdesktopalpha
Layout.center
Layout.snapadjust
Layout.getsnapadjusttop
Layout.getsnapadjustright
Layout.getsnapadjustleft
Layout.getsnapadjustbottom
Layout.setredrawonresize
Layout.beforeredock
Layout.redock
Layout.istransparencysafe
Layout.islayoutanimationsafe
List.finditem2
Layer.setregion
Layer.setregionfrommap
Layer.fx_oninit
Layer.fx_onframe
Layer.fx_ongetpixelr
Layer.fx_ongetpixeld
Layer.fx_ongetpixelx
Layer.fx_ongetpixely
Layer.fx_ongetpixela
Layer.fx_setenabled
Layer.fx_getenabled
Layer.fx_setwrap
Layer.fx_getwrap
Layer.fx_setrect
Layer.fx_getrect
Layer.fx_setbgfx
Layer.fx_getbgfx
Layer.fx_setclear
Layer.fx_getclear
Layer.fx_setspeed
Layer.fx_getspeed
Layer.fx_setrealtime
Layer.fx_getrealtime
Layer.fx_setlocalized
Layer.fx_getlocalized
Layer.fx_setbilinear
Layer.fx_getbilinear
Layer.fx_setalphamode
Layer.fx_getalphamode
Layer.fx_setgridsize
Layer.fx_update
Layer.fx_restart
Layer.isinvalid
Text.setalternatetext
Text.settext
Text.gettext
Text.gettextwidth
WindowHolder.getguid
WindowHolder.getwac
WindowHolder.setregionfrommap
WindowHolder.setregion
WindowHolder.setacceptwac
WindowHolder.getcontent
WindowHolder.getcomponentname
ComponentBucket.getmaxheight
ComponentBucket.getmaxwidth
ComponentBucket.setscroll
ComponentBucket.getscroll
ComponentBucket.getnumchildren
ComponentBucket.enumchildren
Edit.settext
Edit.setautoenter
Edit.getautoenter
Edit.gettext
Edit.selectall
Edit.enter
Edit.setidleenabled
Edit.getidleenabled
Slider.getposition
Slider.setposition
Slider.lock
Slider.unlock
Vis.setmode
Vis.setrealtime
Vis.getrealtime
Vis.getmode
Vis.nextmode
Browser.navigateurl
Browser.back
Browser.forward
Browser.stop
Browser.refresh
Browser.home
Browser.settargetname
Browser.ondocumentready
Browser.getdocumenttitle
Browser.onnavigateerror
Browser.setcancelieerrorpage
Browser.scrape
Browser.onmedialink
GroupList.instantiate
GroupList.getnumitems
GroupList.enumitem
GroupList.removeall
GroupList.scrolltopercent
GroupList.setredraw
CfgGroup.cfggetint
CfgGroup.cfgsetint
CfgGroup.cfggetstring
CfgGroup.cfggetfloat
CfgGroup.cfgsetfloat
CfgGroup.cfgsetstring
CfgGroup.cfggetguid
CfgGroup.cfggetname
MouseRedir.setredirection
MouseRedir.getredirection
MouseRedir.setregionfrommap
MouseRedir.setregion
DropDownList.getitemselected
DropDownList.setlistheight
DropDownList.openlist
DropDownList.closelist
DropDownList.setitems
DropDownList.additem
DropDownList.delitem
DropDownList.finditem
DropDownList.getnumitems
DropDownList.selectitem
DropDownList.getitemtext
DropDownList.getselected
DropDownList.getselectedtext
DropDownList.getcustomtext
DropDownList.deleteallitems
DropDownList.setnoitemtext
LayoutStatus.callme
TabSheet.getcurpage
TabSheet.setcurpage
GuiList.getnumitems
GuiList.getwantautodeselect
GuiList.setwantautodeselect
GuiList.setautosort
GuiList.next
GuiList.selectcurrent
GuiList.selectfirstentry
GuiList.previous
GuiList.pagedown
GuiList.pageup
GuiList.home
GuiList.end
GuiList.reset
GuiList.addcolumn
GuiList.getnumcolumns
GuiList.getcolumnwidth
GuiList.setcolumnwidth
GuiList.getcolumnlabel
GuiList.setcolumnlabel
GuiList.getcolumnnumeric
GuiList.setcolumndynamic
GuiList.iscolumndynamic
GuiList.setminimumsize
GuiList.additem
GuiList.insertitem
GuiList.getlastaddeditempos
GuiList.setsubitem
GuiList.deleteallitems
GuiList.deletebypos
GuiList.getitemlabel
GuiList.setitemlabel
GuiList.getitemselected
GuiList.isitemfocused
GuiList.getitemfocused
GuiList.setitemfocused
GuiList.ensureitemvisible
GuiList.invalidatecolumns
GuiList.scrollabsolute
GuiList.scrollrelative
GuiList.scrollleft
GuiList.scrollright
GuiList.scrollup
GuiList.scrolldown
GuiList.getsubitemtext
GuiList.getfirstitemselected
GuiList.getnextitemselected
GuiList.selectall
GuiList.deselectall
GuiList.invertselection
GuiList.invalidateitem
GuiList.getfirstitemvisible
GuiList.getlastitemvisible
GuiList.setfontsize
GuiList.getfontsize
GuiList.jumptonext
GuiList.scrolltoitem
GuiList.resort
GuiList.getsortdirection
GuiList.getsortcolumn
GuiList.setsortcolumn
GuiList.setsortdirection
GuiList.getitemcount
GuiList.setselectionstart
GuiList.setselectionend
GuiList.setselected
GuiList.toggleselection
GuiList.getheaderheight
GuiList.getpreventmultipleselection
GuiList.setpreventmultipleselection
GuiList.moveitem
GuiList.onrightclick
GuiList.oncolumndblclick
GuiList.oncolumnlabelclick
GuiList.setitemicon
GuiList.getitemicon
GuiList.setshowicons
GuiList.getshowicons
GuiList.seticonwidth
GuiList.seticonheight
GuiList.geticonwidth
GuiList.geticonheight
GuiList.oniconleftclick
GuiTree.onwantautocontextmenu
GuiTree.onmousewheelup
GuiTree.onmousewheeldown
GuiTree.oncontextmenu
GuiTree.onchar
GuiTree.getnumrootitems
GuiTree.enumrootitem
GuiTree.jumptonext
GuiTree.ensureitemvisible
GuiTree.getcontentswidth
GuiTree.getcontentsheight
GuiTree.addtreeitem
GuiTree.removetreeitem
GuiTree.movetreeitem
GuiTree.deleteallitems
GuiTree.expanditem
GuiTree.expanditemdeferred
GuiTree.collapseitem
GuiTree.collapseitemdeferred
GuiTree.selectitem
GuiTree.selectitemdeferred
GuiTree.delitemdeferred
GuiTree.hiliteitem
GuiTree.unhiliteitem
GuiTree.getcuritem
GuiTree.hittest
GuiTree.edititemlabel
GuiTree.canceleditlabel
GuiTree.setautoedit
GuiTree.getautoedit
GuiTree.getbylabel
GuiTree.setsorted
GuiTree.getsorted
GuiTree.sorttreeitems
GuiTree.getsibling
GuiTree.setautocollapse
GuiTree.setfontsize
GuiTree.getfontsize
GuiTree.getnumvisiblechilditems
GuiTree.getnumvisibleitems
GuiTree.enumvisibleitems
GuiTree.enumvisiblechilditems
GuiTree.enumallitems
GuiTree.getitemrectx
GuiTree.getitemrecty
GuiTree.getitemrectw
GuiTree.getitemrecth
GuiTree.getitemfrompoint
TreeItem.getnumchildren
TreeItem.setlabel
TreeItem.getlabel
TreeItem.ensurevisible
TreeItem.getnthchild
TreeItem.getchild
TreeItem.getchildsibling
TreeItem.getsibling
TreeItem.getparent
TreeItem.editlabel
TreeItem.hassubitems
TreeItem.setsorted
TreeItem.setchildtab
TreeItem.issorted
TreeItem.iscollapsed
TreeItem.isexpanded
TreeItem.invalidate
TreeItem.isselected
TreeItem.ishilited
TreeItem.sethilited
TreeItem.collapse
TreeItem.expand
TreeItem.gettree
MenuButton.openmenu
MenuButton.closemenu
CheckBox.setchecked
CheckBox.ischecked
CheckBox.settext
CheckBox.gettext
Config.newitem
Config.getitem
Config.getitembyguid
ConfigItem.getattribute
ConfigItem.newattribute
ConfigItem.getguid
ConfigItem.getname
ConfigAttribute.setdata
ConfigAttribute.getdata
ConfigAttribute.getparentitem
ConfigAttribute.getattributename
PlDir.showcurrentlyplayingentry
PlDir.getnumitems
PlDir.getitemname
PlDir.refresh
PlDir.renameitem
PlDir.enqueueitem
PlDir.playitem
FeedWatcher.setfeed
FeedWatcher.releasefeed
FeedWatcher.onfeedchange
Form.getcontentsheight
Form.newcell
Form.nextrow
Form.deleteall
Frame.getposition
Frame.setposition
Frame.onsetposition
PlEdit.getnumtracks
PlEdit.getcurrentindex
PlEdit.getnumselectedtracks
PlEdit.getnextselectedtrack
PlEdit.showcurrentlyplayingtrack
PlEdit.showtrack
PlEdit.enqueuefile
PlEdit.clear
PlEdit.removetrack
PlEdit.swaptracks
PlEdit.moveup
PlEdit.movedown
PlEdit.moveto
PlEdit.playtrack
PlEdit.getrating
PlEdit.setrating
PlEdit.gettitle
PlEdit.getlength
PlEdit.getmetadata
PlEdit.getfilename
PlEdit.onpleditmodified
AlbumArtLayer.refresh
AlbumArtLayer.isloading
AlbumArtLayer.onalbumartloaded
BitList.getitem
BitList.setitem
BitList.setsize
BitList.getsize
Menu.setmenugroup
Menu.getmenugroup
Menu.setmenu
Menu.getmenu
Menu.spawnmenu
Menu.cancelmenu
Menu.setnormalid
Menu.setdownid
Menu.sethoverid
Menu.onopenmenu
Menu.onclosemenu
Menu.nextmenu
Menu.previousmenu"
`;
