// Jest Snapshot v1, https://goo.gl/fbAQLP

exports[`PlaylistShade renders to snapshot 1`] = `
<div
  className="window draggable"
  id="playlist-window-shade"
  onDoubleClick={[Function]}
  onMouseDown={[Function]}
  style={
    Object {
      "width": "275px",
    }
  }
>
  <div
    className="left"
  >
    <div
      className="right draggable"
    >
      <div
        id="playlist-shade-track-title"
      >
        <span
          className=" character character-91"
        >
          [
        </span>
        <span
          className=" character character-110"
        >
          N
        </span>
        <span
          className=" character character-111"
        >
          o
        </span>
        <span
          className=" character character-32"
        >
           
        </span>
        <span
          className=" character character-102"
        >
          f
        </span>
        <span
          className=" character character-105"
        >
          i
        </span>
        <span
          className=" character character-108"
        >
          l
        </span>
        <span
          className=" character character-101"
        >
          e
        </span>
        <span
          className=" character character-93"
        >
          ]
        </span>
      </div>
      <div
        id="playlist-shade-time"
      />
      <div
        id="playlist-resize-target"
        onMouseDown={[Function]}
      />
      <div
        id="playlist-shade-button"
        onClick={[Function]}
      />
      <div
        id="playlist-close-button"
        onClick={[Function]}
      />
    </div>
  </div>
</div>
`;
